
> dashboard@0.1.0 dev
> next dev

▲ Next.js 16.1.6 (Turbopack)
- Local:         http://localhost:3000
- Network:       http://127.0.2.2:3000
- Environments: .env.local

✓ Starting...
✓ Ready in 967ms
You're attempting to animate multiple children within AnimatePresence, but its mode is set to "wait". This will lead to odd visual behaviour.
 GET /campaigns 200 in 552ms (compile: 341ms, render: 211ms)
 GET / 200 in 125ms (compile: 95ms, render: 30ms)
 GET /bookings 200 in 220ms (compile: 205ms, render: 15ms)
 GET /customers 200 in 67ms (compile: 52ms, render: 16ms)
 GET /campaigns 200 in 24ms (compile: 7ms, render: 16ms)
 GET /customers 200 in 119ms (compile: 39ms, render: 81ms)
 GET /customers 200 in 104ms (compile: 36ms, render: 69ms)
 GET /customers 200 in 87ms (compile: 34ms, render: 53ms)
 GET / 200 in 279ms (compile: 49ms, render: 230ms)
 GET / 200 in 90ms (compile: 33ms, render: 57ms)
 GET /campaigns 200 in 28ms (compile: 9ms, render: 19ms)
 GET / 200 in 89ms (compile: 39ms, render: 50ms)
You're attempting to animate multiple children within AnimatePresence, but its mode is set to "wait". This will lead to odd visual behaviour.
 GET /campaigns 200 in 63ms (compile: 6ms, render: 57ms)
 GET /customers 200 in 49ms (compile: 26ms, render: 23ms)
